
func TestAssignInFunc(t *testing.T) {

	tests := []struct {
		Name string
		Use  *e.T
	}{
		// TODO: Add test cases.
	}
	for _, test := range tests {
		t.Run(test.Name, func(t *testing.T) {

			test.Use.assignInFunc()

		})
	}
}