
func TestAssignInGoFunc(t *testing.T) {

	tests := []struct {
		Name        string
		Use         *e.T
		UseExpected *e.T
	}{
		// TODO: Add test cases.
	}

	for _, test := range tests {
		t.Run(test.Name, func(t *testing.T) {

			test.Use.assignInGoFunc()

			assert.Equal(t, test.UseExpected, test.Use)
		})
	}
}