
func TestBasicInterface(t *testing.T) {

	type input struct {
		input interface{ hoge() }
	}
	type expected struct {
		gotIn interface{ hoge() }
	}
	tests := []struct {
		Name     string
		Input    input
		Expected expected
	}{
		// TODO: Add test cases.
	}

	for _, test := range tests {
		test := test
		t.Run(test.Name, func(t *testing.T) {

			gotIn := basicInterface(test.Input.input)

			assert.Equal(t, test.Expected.gotIn, gotIn)
		})
	}
}