
func TestInputInts(t *testing.T) {

	type input struct {
		a int
		b int
	}

	tests := []struct {
		Name  string
		Input input
	}{
		// TODO: Add test cases.
	}

	for _, test := range tests {
		test := test
		t.Run(test.Name, func(t *testing.T) {

			inputInts(test.Input.a, test.Input.b)

		})
	}
}