
func TestIntList(t *testing.T) {

	type input struct {
		list []int
	}
	type expected struct {
		gotIntList []int
	}
	tests := []struct {
		Name     string
		Input    input
		Expected expected
	}{
		// TODO: Add test cases.
	}

	for _, test := range tests {
		t.Run(test.Name, func(t *testing.T) {

			gotIntList := intList(test.Input.list)

			assert.Equal(t, test.Expected.gotIntList, gotIntList)
		})
	}
}