
func TestMapFunc(t *testing.T) {

	type input struct {
		input map[int]string
	}
	type expected struct {
		gotMp  map[int]string
		gotMp2 map[string]error
	}
	tests := []struct {
		Name     string
		Input    input
		Expected expected
	}{
		// TODO: Add test cases.
	}

	for _, test := range tests {
		test := test
		t.Run(test.Name, func(t *testing.T) {

			gotMp, gotMp2 := mapFunc(test.Input.input)

			assert.Equal(t, test.Expected.gotMp, gotMp)
			assert.Equal(t, test.Expected.gotMp2, gotMp2)
		})
	}
}