
func TestMyStructFunc(t *testing.T) {

	type input struct {
		ms b.myStruct
	}
	type expected struct {
		gotMyStruct b.myStruct
	}
	tests := []struct {
		Name     string
		Input    input
		Expected expected
	}{
		// TODO: Add test cases.
	}
	for _, test := range tests {
		t.Run(test.Name, func(t *testing.T) {

			gotMyStruct := myStructFunc(test.Input.ms)

			assert.Equal(t, test.Expected.gotMyStruct, gotMyStruct)
		})
	}
}