
func TestNamedInterface(t *testing.T) {

	type input struct {
		input http.Handler
	}
	type expected struct {
		gotHandler http.Handler
	}
	tests := []struct {
		Name     string
		Input    input
		Expected expected
	}{
		// TODO: Add test cases.
	}

	for _, test := range tests {
		test := test
		t.Run(test.Name, func(t *testing.T) {

			gotHandler := namedInterface(test.Input.input)

			assert.Equal(t, test.Expected.gotHandler, gotHandler)
		})
	}
}