
func TestNamedStruct(t *testing.T) {

	type input struct {
		input context.Context
	}
	type expected struct {
		gotContext context.Context
	}
	tests := []struct {
		Name     string
		Input    input
		Expected expected
	}{
		// TODO: Add test cases.
	}
	for _, test := range tests {
		t.Run(test.Name, func(t *testing.T) {

			gotContext := namedStruct(test.Input.input)

			assert.Equal(t, test.Expected.gotContext, gotContext)
		})
	}
}