
func TestPointerList(t *testing.T) {

	type input struct {
		input []*string
	}
	type expected struct {
		gotList []*string
	}
	tests := []struct {
		Name     string
		Input    input
		Expected expected
	}{
		// TODO: Add test cases.
	}
	for _, test := range tests {
		t.Run(test.Name, func(t *testing.T) {

			gotList := pointerList(test.Input.input)

			assert.Equal(t, test.Expected.gotList, gotList)
		})
	}
}