
func TestReturnInts(t *testing.T) {

	type expected struct {
		gotInt  int
		gotInt2 int
	}
	tests := []struct {
		Name     string
		Expected expected
	}{
		// TODO: Add test cases.
	}

	for _, test := range tests {
		t.Run(test.Name, func(t *testing.T) {

			gotInt, gotInt2 := returnInts()

			assert.Equal(t, test.Expected.gotInt, gotInt)
			assert.Equal(t, test.Expected.gotInt2, gotInt2)
		})
	}
}