
func TestReturnInt(t *testing.T) {

	type expected struct {
		gotInt int
	}
	tests := []struct {
		Name     string
		Expected expected
	}{
		// TODO: Add test cases.
	}

	for _, test := range tests {
		test := test
		t.Run(test.Name, func(t *testing.T) {

			gotInt := returnInt()

			assert.Equal(t, test.Expected.gotInt, gotInt)
		})
	}
}